2017/10/19 10:16:19 /home/jiang/webbobo/x86tcpheart/tcpServerSqlite.go:561: 1.Println log with log.LstdFlags ...
